Archive member included to satisfy reference by file (symbol)

c:/st/stm32cubeide_1.5.0/stm32cubeide/plugins/com.st.stm32cube.ide.mcu.externaltools.gnu-tools-for-stm32.7-2018-q2-update.win32_1.5.0.202011040924/tools/bin/../lib/gcc/arm-none-eabi/7.3.1/../../../../arm-none-eabi/lib/thumb/v7e-m\libc_nano.a(lib_a-errno.o)
                              Src/syscalls.o (__errno)
c:/st/stm32cubeide_1.5.0/stm32cubeide/plugins/com.st.stm32cube.ide.mcu.externaltools.gnu-tools-for-stm32.7-2018-q2-update.win32_1.5.0.202011040924/tools/bin/../lib/gcc/arm-none-eabi/7.3.1/../../../../arm-none-eabi/lib/thumb/v7e-m\libc_nano.a(lib_a-exit.o)
                              c:/st/stm32cubeide_1.5.0/stm32cubeide/plugins/com.st.stm32cube.ide.mcu.externaltools.gnu-tools-for-stm32.7-2018-q2-update.win32_1.5.0.202011040924/tools/bin/../lib/gcc/arm-none-eabi/7.3.1/../../../../arm-none-eabi/lib/thumb/v7e-m/crt0.o (exit)
c:/st/stm32cubeide_1.5.0/stm32cubeide/plugins/com.st.stm32cube.ide.mcu.externaltools.gnu-tools-for-stm32.7-2018-q2-update.win32_1.5.0.202011040924/tools/bin/../lib/gcc/arm-none-eabi/7.3.1/../../../../arm-none-eabi/lib/thumb/v7e-m\libc_nano.a(lib_a-impure.o)
                              c:/st/stm32cubeide_1.5.0/stm32cubeide/plugins/com.st.stm32cube.ide.mcu.externaltools.gnu-tools-for-stm32.7-2018-q2-update.win32_1.5.0.202011040924/tools/bin/../lib/gcc/arm-none-eabi/7.3.1/../../../../arm-none-eabi/lib/thumb/v7e-m\libc_nano.a(lib_a-exit.o) (_global_impure_ptr)
c:/st/stm32cubeide_1.5.0/stm32cubeide/plugins/com.st.stm32cube.ide.mcu.externaltools.gnu-tools-for-stm32.7-2018-q2-update.win32_1.5.0.202011040924/tools/bin/../lib/gcc/arm-none-eabi/7.3.1/../../../../arm-none-eabi/lib/thumb/v7e-m\libc_nano.a(lib_a-init.o)
                              c:/st/stm32cubeide_1.5.0/stm32cubeide/plugins/com.st.stm32cube.ide.mcu.externaltools.gnu-tools-for-stm32.7-2018-q2-update.win32_1.5.0.202011040924/tools/bin/../lib/gcc/arm-none-eabi/7.3.1/../../../../arm-none-eabi/lib/thumb/v7e-m/crt0.o (__libc_init_array)
c:/st/stm32cubeide_1.5.0/stm32cubeide/plugins/com.st.stm32cube.ide.mcu.externaltools.gnu-tools-for-stm32.7-2018-q2-update.win32_1.5.0.202011040924/tools/bin/../lib/gcc/arm-none-eabi/7.3.1/../../../../arm-none-eabi/lib/thumb/v7e-m\libc_nano.a(lib_a-memset.o)
                              c:/st/stm32cubeide_1.5.0/stm32cubeide/plugins/com.st.stm32cube.ide.mcu.externaltools.gnu-tools-for-stm32.7-2018-q2-update.win32_1.5.0.202011040924/tools/bin/../lib/gcc/arm-none-eabi/7.3.1/../../../../arm-none-eabi/lib/thumb/v7e-m/crt0.o (memset)
c:/st/stm32cubeide_1.5.0/stm32cubeide/plugins/com.st.stm32cube.ide.mcu.externaltools.gnu-tools-for-stm32.7-2018-q2-update.win32_1.5.0.202011040924/tools/bin/../lib/gcc/arm-none-eabi/7.3.1/../../../../arm-none-eabi/lib/thumb/v7e-m\libc_nano.a(lib_a-strlen.o)
                              Src/SPI_TXRXBlocking.o (strlen)

Discarded input sections

 .text          0x0000000000000000        0x0 c:/st/stm32cubeide_1.5.0/stm32cubeide/plugins/com.st.stm32cube.ide.mcu.externaltools.gnu-tools-for-stm32.7-2018-q2-update.win32_1.5.0.202011040924/tools/bin/../lib/gcc/arm-none-eabi/7.3.1/thumb/v7e-m/crti.o
 .data          0x0000000000000000        0x0 c:/st/stm32cubeide_1.5.0/stm32cubeide/plugins/com.st.stm32cube.ide.mcu.externaltools.gnu-tools-for-stm32.7-2018-q2-update.win32_1.5.0.202011040924/tools/bin/../lib/gcc/arm-none-eabi/7.3.1/thumb/v7e-m/crti.o
 .bss           0x0000000000000000        0x0 c:/st/stm32cubeide_1.5.0/stm32cubeide/plugins/com.st.stm32cube.ide.mcu.externaltools.gnu-tools-for-stm32.7-2018-q2-update.win32_1.5.0.202011040924/tools/bin/../lib/gcc/arm-none-eabi/7.3.1/thumb/v7e-m/crti.o
 .data          0x0000000000000000        0x4 c:/st/stm32cubeide_1.5.0/stm32cubeide/plugins/com.st.stm32cube.ide.mcu.externaltools.gnu-tools-for-stm32.7-2018-q2-update.win32_1.5.0.202011040924/tools/bin/../lib/gcc/arm-none-eabi/7.3.1/thumb/v7e-m/crtbegin.o
 .text          0x0000000000000000       0x74 c:/st/stm32cubeide_1.5.0/stm32cubeide/plugins/com.st.stm32cube.ide.mcu.externaltools.gnu-tools-for-stm32.7-2018-q2-update.win32_1.5.0.202011040924/tools/bin/../lib/gcc/arm-none-eabi/7.3.1/../../../../arm-none-eabi/lib/thumb/v7e-m/crt0.o
 .data          0x0000000000000000        0x0 c:/st/stm32cubeide_1.5.0/stm32cubeide/plugins/com.st.stm32cube.ide.mcu.externaltools.gnu-tools-for-stm32.7-2018-q2-update.win32_1.5.0.202011040924/tools/bin/../lib/gcc/arm-none-eabi/7.3.1/../../../../arm-none-eabi/lib/thumb/v7e-m/crt0.o
 .bss           0x0000000000000000        0x0 c:/st/stm32cubeide_1.5.0/stm32cubeide/plugins/com.st.stm32cube.ide.mcu.externaltools.gnu-tools-for-stm32.7-2018-q2-update.win32_1.5.0.202011040924/tools/bin/../lib/gcc/arm-none-eabi/7.3.1/../../../../arm-none-eabi/lib/thumb/v7e-m/crt0.o
 .ARM.extab     0x0000000000000000        0x0 c:/st/stm32cubeide_1.5.0/stm32cubeide/plugins/com.st.stm32cube.ide.mcu.externaltools.gnu-tools-for-stm32.7-2018-q2-update.win32_1.5.0.202011040924/tools/bin/../lib/gcc/arm-none-eabi/7.3.1/../../../../arm-none-eabi/lib/thumb/v7e-m/crt0.o
 .ARM.exidx     0x0000000000000000        0x8 c:/st/stm32cubeide_1.5.0/stm32cubeide/plugins/com.st.stm32cube.ide.mcu.externaltools.gnu-tools-for-stm32.7-2018-q2-update.win32_1.5.0.202011040924/tools/bin/../lib/gcc/arm-none-eabi/7.3.1/../../../../arm-none-eabi/lib/thumb/v7e-m/crt0.o
 .ARM.attributes
                0x0000000000000000       0x1c c:/st/stm32cubeide_1.5.0/stm32cubeide/plugins/com.st.stm32cube.ide.mcu.externaltools.gnu-tools-for-stm32.7-2018-q2-update.win32_1.5.0.202011040924/tools/bin/../lib/gcc/arm-none-eabi/7.3.1/../../../../arm-none-eabi/lib/thumb/v7e-m/crt0.o
 .group         0x0000000000000000        0xc Src/SPI_TXRXBlocking.o
 .group         0x0000000000000000        0xc Src/SPI_TXRXBlocking.o
 .group         0x0000000000000000        0xc Src/SPI_TXRXBlocking.o
 .group         0x0000000000000000        0xc Src/SPI_TXRXBlocking.o
 .group         0x0000000000000000        0xc Src/SPI_TXRXBlocking.o
 .group         0x0000000000000000        0xc Src/SPI_TXRXBlocking.o
 .group         0x0000000000000000        0xc Src/SPI_TXRXBlocking.o
 .group         0x0000000000000000        0xc Src/SPI_TXRXBlocking.o
 .group         0x0000000000000000        0xc Src/SPI_TXRXBlocking.o
 .group         0x0000000000000000        0xc Src/SPI_TXRXBlocking.o
 .group         0x0000000000000000        0xc Src/SPI_TXRXBlocking.o
 .group         0x0000000000000000        0xc Src/SPI_TXRXBlocking.o
 .group         0x0000000000000000        0xc Src/SPI_TXRXBlocking.o
 .group         0x0000000000000000        0xc Src/SPI_TXRXBlocking.o
 .group         0x0000000000000000        0xc Src/SPI_TXRXBlocking.o
 .group         0x0000000000000000        0xc Src/SPI_TXRXBlocking.o
 .group         0x0000000000000000        0xc Src/SPI_TXRXBlocking.o
 .group         0x0000000000000000        0xc Src/SPI_TXRXBlocking.o
 .group         0x0000000000000000        0xc Src/SPI_TXRXBlocking.o
 .group         0x0000000000000000        0xc Src/SPI_TXRXBlocking.o
 .group         0x0000000000000000        0xc Src/SPI_TXRXBlocking.o
 .group         0x0000000000000000        0xc Src/SPI_TXRXBlocking.o
 .group         0x0000000000000000        0xc Src/SPI_TXRXBlocking.o
 .group         0x0000000000000000        0xc Src/SPI_TXRXBlocking.o
 .text          0x0000000000000000        0x0 Src/SPI_TXRXBlocking.o
 .data          0x0000000000000000        0x0 Src/SPI_TXRXBlocking.o
 .bss           0x0000000000000000        0x0 Src/SPI_TXRXBlocking.o
 .group         0x0000000000000000        0xc Src/syscalls.o
 .group         0x0000000000000000        0xc Src/syscalls.o
 .group         0x0000000000000000        0xc Src/syscalls.o
 .group         0x0000000000000000        0xc Src/syscalls.o
 .group         0x0000000000000000        0xc Src/syscalls.o
 .group         0x0000000000000000        0xc Src/syscalls.o
 .group         0x0000000000000000        0xc Src/syscalls.o
 .group         0x0000000000000000        0xc Src/syscalls.o
 .group         0x0000000000000000        0xc Src/syscalls.o
 .group         0x0000000000000000        0xc Src/syscalls.o
 .group         0x0000000000000000        0xc Src/syscalls.o
 .group         0x0000000000000000        0xc Src/syscalls.o
 .group         0x0000000000000000        0xc Src/syscalls.o
 .group         0x0000000000000000        0xc Src/syscalls.o
 .group         0x0000000000000000        0xc Src/syscalls.o
 .group         0x0000000000000000        0xc Src/syscalls.o
 .group         0x0000000000000000        0xc Src/syscalls.o
 .group         0x0000000000000000        0xc Src/syscalls.o
 .group         0x0000000000000000        0xc Src/syscalls.o
 .group         0x0000000000000000        0xc Src/syscalls.o
 .group         0x0000000000000000        0xc Src/syscalls.o
 .group         0x0000000000000000        0xc Src/syscalls.o
 .group         0x0000000000000000        0xc Src/syscalls.o
 .group         0x0000000000000000        0xc Src/syscalls.o
 .group         0x0000000000000000        0xc Src/syscalls.o
 .group         0x0000000000000000        0xc Src/syscalls.o
 .group         0x0000000000000000        0xc Src/syscalls.o
 .group         0x0000000000000000        0xc Src/syscalls.o
 .group         0x0000000000000000        0xc Src/syscalls.o
 .group         0x0000000000000000        0xc Src/syscalls.o
 .group         0x0000000000000000        0xc Src/syscalls.o
 .group         0x0000000000000000        0xc Src/syscalls.o
 .group         0x0000000000000000        0xc Src/syscalls.o
 .group         0x0000000000000000        0xc Src/syscalls.o
 .group         0x0000000000000000        0xc Src/syscalls.o
 .group         0x0000000000000000        0xc Src/syscalls.o
 .group         0x0000000000000000        0xc Src/syscalls.o
 .group         0x0000000000000000        0xc Src/syscalls.o
 .group         0x0000000000000000        0xc Src/syscalls.o
 .group         0x0000000000000000        0xc Src/syscalls.o
 .group         0x0000000000000000        0xc Src/syscalls.o
 .group         0x0000000000000000        0xc Src/syscalls.o
 .group         0x0000000000000000        0xc Src/syscalls.o
 .group         0x0000000000000000        0xc Src/syscalls.o
 .text          0x0000000000000000        0x0 Src/syscalls.o
 .data          0x0000000000000000        0x0 Src/syscalls.o
 .bss           0x0000000000000000        0x0 Src/syscalls.o
 .bss.__env     0x0000000000000000        0x4 Src/syscalls.o
 .data.environ  0x0000000000000000        0x4 Src/syscalls.o
 .text.initialise_monitor_handles
                0x0000000000000000        0xc Src/syscalls.o
 .text._getpid  0x0000000000000000        0xe Src/syscalls.o
 .text._kill    0x0000000000000000       0x20 Src/syscalls.o
 .text._exit    0x0000000000000000       0x14 Src/syscalls.o
 .text._read    0x0000000000000000       0x3a Src/syscalls.o
 .text._write   0x0000000000000000       0x38 Src/syscalls.o
 .text._close   0x0000000000000000       0x16 Src/syscalls.o
 .text._fstat   0x0000000000000000       0x1e Src/syscalls.o
 .text._isatty  0x0000000000000000       0x14 Src/syscalls.o
 .text._lseek   0x0000000000000000       0x18 Src/syscalls.o
 .text._open    0x0000000000000000       0x1a Src/syscalls.o
 .text._wait    0x0000000000000000       0x1e Src/syscalls.o
 .text._unlink  0x0000000000000000       0x1e Src/syscalls.o
 .text._times   0x0000000000000000       0x16 Src/syscalls.o
 .text._stat    0x0000000000000000       0x1e Src/syscalls.o
 .text._link    0x0000000000000000       0x20 Src/syscalls.o
 .text._fork    0x0000000000000000       0x16 Src/syscalls.o
 .text._execve  0x0000000000000000       0x22 Src/syscalls.o
 .debug_info    0x0000000000000000      0xebd Src/syscalls.o
 .debug_abbrev  0x0000000000000000      0x261 Src/syscalls.o
 .debug_aranges
                0x0000000000000000       0xa8 Src/syscalls.o
 .debug_ranges  0x0000000000000000       0x98 Src/syscalls.o
 .debug_macro   0x0000000000000000      0x243 Src/syscalls.o
 .debug_macro   0x0000000000000000      0xa66 Src/syscalls.o
 .debug_macro   0x0000000000000000       0x22 Src/syscalls.o
 .debug_macro   0x0000000000000000       0x40 Src/syscalls.o
 .debug_macro   0x0000000000000000       0x18 Src/syscalls.o
 .debug_macro   0x0000000000000000       0x94 Src/syscalls.o
 .debug_macro   0x0000000000000000       0x3c Src/syscalls.o
 .debug_macro   0x0000000000000000       0x34 Src/syscalls.o
 .debug_macro   0x0000000000000000       0x57 Src/syscalls.o
 .debug_macro   0x0000000000000000      0x174 Src/syscalls.o
 .debug_macro   0x0000000000000000      0x330 Src/syscalls.o
 .debug_macro   0x0000000000000000       0x52 Src/syscalls.o
 .debug_macro   0x0000000000000000       0x1f Src/syscalls.o
 .debug_macro   0x0000000000000000       0x43 Src/syscalls.o
 .debug_macro   0x0000000000000000       0x20 Src/syscalls.o
 .debug_macro   0x0000000000000000      0x1a3 Src/syscalls.o
 .debug_macro   0x0000000000000000       0x10 Src/syscalls.o
 .debug_macro   0x0000000000000000       0x35 Src/syscalls.o
 .debug_macro   0x0000000000000000       0x10 Src/syscalls.o
 .debug_macro   0x0000000000000000       0x10 Src/syscalls.o
 .debug_macro   0x0000000000000000       0x10 Src/syscalls.o
 .debug_macro   0x0000000000000000       0x6a Src/syscalls.o
 .debug_macro   0x0000000000000000       0x1c Src/syscalls.o
 .debug_macro   0x0000000000000000       0x52 Src/syscalls.o
 .debug_macro   0x0000000000000000       0x40 Src/syscalls.o
 .debug_macro   0x0000000000000000       0x10 Src/syscalls.o
 .debug_macro   0x0000000000000000       0x40 Src/syscalls.o
 .debug_macro   0x0000000000000000       0xd7 Src/syscalls.o
 .debug_macro   0x0000000000000000       0x1c Src/syscalls.o
 .debug_macro   0x0000000000000000       0x3d Src/syscalls.o
 .debug_macro   0x0000000000000000       0x35 Src/syscalls.o
 .debug_macro   0x0000000000000000      0x122 Src/syscalls.o
 .debug_macro   0x0000000000000000       0x16 Src/syscalls.o
 .debug_macro   0x0000000000000000       0x16 Src/syscalls.o
 .debug_macro   0x0000000000000000       0x29 Src/syscalls.o
 .debug_macro   0x0000000000000000       0x10 Src/syscalls.o
 .debug_macro   0x0000000000000000      0x241 Src/syscalls.o
 .debug_macro   0x0000000000000000       0x1c Src/syscalls.o
 .debug_macro   0x0000000000000000       0x10 Src/syscalls.o
 .debug_macro   0x0000000000000000       0x10 Src/syscalls.o
 .debug_macro   0x0000000000000000       0x16 Src/syscalls.o
 .debug_macro   0x0000000000000000      0x145 Src/syscalls.o
 .debug_macro   0x0000000000000000      0x189 Src/syscalls.o
 .debug_macro   0x0000000000000000       0x16 Src/syscalls.o
 .debug_macro   0x0000000000000000       0x88 Src/syscalls.o
 .debug_line    0x0000000000000000      0x739 Src/syscalls.o
 .debug_str     0x0000000000000000     0x8885 Src/syscalls.o
 .comment       0x0000000000000000       0x7c Src/syscalls.o
 .debug_frame   0x0000000000000000      0x2ac Src/syscalls.o
 .ARM.attributes
                0x0000000000000000       0x33 Src/syscalls.o
 .group         0x0000000000000000        0xc Src/sysmem.o
 .group         0x0000000000000000        0xc Src/sysmem.o
 .group         0x0000000000000000        0xc Src/sysmem.o
 .group         0x0000000000000000        0xc Src/sysmem.o
 .group         0x0000000000000000        0xc Src/sysmem.o
 .group         0x0000000000000000        0xc Src/sysmem.o
 .group         0x0000000000000000        0xc Src/sysmem.o
 .group         0x0000000000000000        0xc Src/sysmem.o
 .group         0x0000000000000000        0xc Src/sysmem.o
 .group         0x0000000000000000        0xc Src/sysmem.o
 .group         0x0000000000000000        0xc Src/sysmem.o
 .group         0x0000000000000000        0xc Src/sysmem.o
 .group         0x0000000000000000        0xc Src/sysmem.o
 .group         0x0000000000000000        0xc Src/sysmem.o
 .group         0x0000000000000000        0xc Src/sysmem.o
 .group         0x0000000000000000        0xc Src/sysmem.o
 .group         0x0000000000000000        0xc Src/sysmem.o
 .group         0x0000000000000000        0xc Src/sysmem.o
 .group         0x0000000000000000        0xc Src/sysmem.o
 .text          0x0000000000000000        0x0 Src/sysmem.o
 .data          0x0000000000000000        0x0 Src/sysmem.o
 .bss           0x0000000000000000        0x0 Src/sysmem.o
 .bss.__sbrk_heap_end
                0x0000000000000000        0x4 Src/sysmem.o
 .text._sbrk    0x0000000000000000       0x6c Src/sysmem.o
 .debug_info    0x0000000000000000      0x985 Src/sysmem.o
 .debug_abbrev  0x0000000000000000      0x19b Src/sysmem.o
 .debug_aranges
                0x0000000000000000       0x20 Src/sysmem.o
 .debug_ranges  0x0000000000000000       0x10 Src/sysmem.o
 .debug_macro   0x0000000000000000       0xee Src/sysmem.o
 .debug_macro   0x0000000000000000      0xa66 Src/sysmem.o
 .debug_macro   0x0000000000000000       0x10 Src/sysmem.o
 .debug_macro   0x0000000000000000       0x22 Src/sysmem.o
 .debug_macro   0x0000000000000000       0x40 Src/sysmem.o
 .debug_macro   0x0000000000000000       0x18 Src/sysmem.o
 .debug_macro   0x0000000000000000       0x94 Src/sysmem.o
 .debug_macro   0x0000000000000000       0x3c Src/sysmem.o
 .debug_macro   0x0000000000000000       0x34 Src/sysmem.o
 .debug_macro   0x0000000000000000      0x174 Src/sysmem.o
 .debug_macro   0x0000000000000000       0x57 Src/sysmem.o
 .debug_macro   0x0000000000000000       0x52 Src/sysmem.o
 .debug_macro   0x0000000000000000       0x1f Src/sysmem.o
 .debug_macro   0x0000000000000000       0x43 Src/sysmem.o
 .debug_macro   0x0000000000000000       0x20 Src/sysmem.o
 .debug_macro   0x0000000000000000      0x1a3 Src/sysmem.o
 .debug_macro   0x0000000000000000      0x23b Src/sysmem.o
 .debug_macro   0x0000000000000000       0xef Src/sysmem.o
 .debug_macro   0x0000000000000000       0x6a Src/sysmem.o
 .debug_macro   0x0000000000000000      0x1df Src/sysmem.o
 .debug_line    0x0000000000000000      0x4c2 Src/sysmem.o
 .debug_str     0x0000000000000000     0x5f53 Src/sysmem.o
 .comment       0x0000000000000000       0x7c Src/sysmem.o
 .debug_frame   0x0000000000000000       0x34 Src/sysmem.o
 .ARM.attributes
                0x0000000000000000       0x33 Src/sysmem.o
 .text          0x0000000000000000       0x14 Startup/startup_stm32f407vgtx.o
 .data          0x0000000000000000        0x0 Startup/startup_stm32f407vgtx.o
 .bss           0x0000000000000000        0x0 Startup/startup_stm32f407vgtx.o
 .group         0x0000000000000000        0xc drivers/src/stm32f407xx_GPIO_driver.o
 .group         0x0000000000000000        0xc drivers/src/stm32f407xx_GPIO_driver.o
 .group         0x0000000000000000        0xc drivers/src/stm32f407xx_GPIO_driver.o
 .group         0x0000000000000000        0xc drivers/src/stm32f407xx_GPIO_driver.o
 .group         0x0000000000000000        0xc drivers/src/stm32f407xx_GPIO_driver.o
 .group         0x0000000000000000        0xc drivers/src/stm32f407xx_GPIO_driver.o
 .group         0x0000000000000000        0xc drivers/src/stm32f407xx_GPIO_driver.o
 .group         0x0000000000000000        0xc drivers/src/stm32f407xx_GPIO_driver.o
 .group         0x0000000000000000        0xc drivers/src/stm32f407xx_GPIO_driver.o
 .text          0x0000000000000000        0x0 drivers/src/stm32f407xx_GPIO_driver.o
 .data          0x0000000000000000        0x0 drivers/src/stm32f407xx_GPIO_driver.o
 .bss           0x0000000000000000        0x0 drivers/src/stm32f407xx_GPIO_driver.o
 .text.GPIO_deInit
                0x0000000000000000       0x44 drivers/src/stm32f407xx_GPIO_driver.o
 .text.GPIO_ReadInputPort
                0x0000000000000000       0x1e drivers/src/stm32f407xx_GPIO_driver.o
 .text.GPIO_WriteOutputPin
                0x0000000000000000       0x48 drivers/src/stm32f407xx_GPIO_driver.o
 .text.GPIO_WriteOutputPort
                0x0000000000000000       0x1c drivers/src/stm32f407xx_GPIO_driver.o
 .text.GPIO_TogglePin
                0x0000000000000000       0x28 drivers/src/stm32f407xx_GPIO_driver.o
 .text.GPIO_IrqCfg
                0x0000000000000000       0xf0 drivers/src/stm32f407xx_GPIO_driver.o
 .text.GPIO_IrqPrioCfg
                0x0000000000000000       0x40 drivers/src/stm32f407xx_GPIO_driver.o
 .text.GPIO_IrqHandler
                0x0000000000000000       0x40 drivers/src/stm32f407xx_GPIO_driver.o
 .debug_macro   0x0000000000000000      0xa66 drivers/src/stm32f407xx_GPIO_driver.o
 .debug_macro   0x0000000000000000       0x22 drivers/src/stm32f407xx_GPIO_driver.o
 .debug_macro   0x0000000000000000       0x8e drivers/src/stm32f407xx_GPIO_driver.o
 .debug_macro   0x0000000000000000       0x51 drivers/src/stm32f407xx_GPIO_driver.o
 .debug_macro   0x0000000000000000       0xef drivers/src/stm32f407xx_GPIO_driver.o
 .debug_macro   0x0000000000000000       0x6a drivers/src/stm32f407xx_GPIO_driver.o
 .debug_macro   0x0000000000000000      0x1df drivers/src/stm32f407xx_GPIO_driver.o
 .debug_macro   0x0000000000000000      0x12a drivers/src/stm32f407xx_GPIO_driver.o
 .group         0x0000000000000000        0xc drivers/src/stm32f407xx_SPI_driver.o
 .group         0x0000000000000000        0xc drivers/src/stm32f407xx_SPI_driver.o
 .group         0x0000000000000000        0xc drivers/src/stm32f407xx_SPI_driver.o
 .group         0x0000000000000000        0xc drivers/src/stm32f407xx_SPI_driver.o
 .group         0x0000000000000000        0xc drivers/src/stm32f407xx_SPI_driver.o
 .group         0x0000000000000000        0xc drivers/src/stm32f407xx_SPI_driver.o
 .group         0x0000000000000000        0xc drivers/src/stm32f407xx_SPI_driver.o
 .group         0x0000000000000000        0xc drivers/src/stm32f407xx_SPI_driver.o
 .group         0x0000000000000000        0xc drivers/src/stm32f407xx_SPI_driver.o
 .text          0x0000000000000000        0x0 drivers/src/stm32f407xx_SPI_driver.o
 .data          0x0000000000000000        0x0 drivers/src/stm32f407xx_SPI_driver.o
 .bss           0x0000000000000000        0x0 drivers/src/stm32f407xx_SPI_driver.o
 .text.SPI_TXEIrqHandler
                0x0000000000000000       0x86 drivers/src/stm32f407xx_SPI_driver.o
 .text.SPI_RXNEIrqHandler
                0x0000000000000000       0x8a drivers/src/stm32f407xx_SPI_driver.o
 .text.SPI_OVRErrIrqHandler
                0x0000000000000000       0x40 drivers/src/stm32f407xx_SPI_driver.o
 .text.SPI_deInit
                0x0000000000000000       0x1e drivers/src/stm32f407xx_SPI_driver.o
 .text.SPI_SendDataIT
                0x0000000000000000       0x48 drivers/src/stm32f407xx_SPI_driver.o
 .text.SPI_RecieveDataIT
                0x0000000000000000       0x48 drivers/src/stm32f407xx_SPI_driver.o
 .text.SPI_IrqCfg
                0x0000000000000000       0xf0 drivers/src/stm32f407xx_SPI_driver.o
 .text.SPI_IrqPrioCfg
                0x0000000000000000       0x40 drivers/src/stm32f407xx_SPI_driver.o
 .text.SPI_IrqHandler
                0x0000000000000000       0x9a drivers/src/stm32f407xx_SPI_driver.o
 .text.SPI_ClearOVRFlag
                0x0000000000000000       0x1e drivers/src/stm32f407xx_SPI_driver.o
 .text.SPI_CloseTransmission
                0x0000000000000000       0x34 drivers/src/stm32f407xx_SPI_driver.o
 .text.SPI_CloseReception
                0x0000000000000000       0x34 drivers/src/stm32f407xx_SPI_driver.o
 .text.SPI_ApplTransferCmplCallback
                0x0000000000000000       0x16 drivers/src/stm32f407xx_SPI_driver.o
 .debug_macro   0x0000000000000000      0xa66 drivers/src/stm32f407xx_SPI_driver.o
 .debug_macro   0x0000000000000000       0x22 drivers/src/stm32f407xx_SPI_driver.o
 .debug_macro   0x0000000000000000       0x8e drivers/src/stm32f407xx_SPI_driver.o
 .debug_macro   0x0000000000000000       0x51 drivers/src/stm32f407xx_SPI_driver.o
 .debug_macro   0x0000000000000000       0xef drivers/src/stm32f407xx_SPI_driver.o
 .debug_macro   0x0000000000000000       0x6a drivers/src/stm32f407xx_SPI_driver.o
 .debug_macro   0x0000000000000000      0x1df drivers/src/stm32f407xx_SPI_driver.o
 .debug_macro   0x0000000000000000      0x3a6 drivers/src/stm32f407xx_SPI_driver.o
 .text          0x0000000000000000        0x0 c:/st/stm32cubeide_1.5.0/stm32cubeide/plugins/com.st.stm32cube.ide.mcu.externaltools.gnu-tools-for-stm32.7-2018-q2-update.win32_1.5.0.202011040924/tools/bin/../lib/gcc/arm-none-eabi/7.3.1/../../../../arm-none-eabi/lib/thumb/v7e-m\libc_nano.a(lib_a-errno.o)
 .data          0x0000000000000000        0x0 c:/st/stm32cubeide_1.5.0/stm32cubeide/plugins/com.st.stm32cube.ide.mcu.externaltools.gnu-tools-for-stm32.7-2018-q2-update.win32_1.5.0.202011040924/tools/bin/../lib/gcc/arm-none-eabi/7.3.1/../../../../arm-none-eabi/lib/thumb/v7e-m\libc_nano.a(lib_a-errno.o)
 .bss           0x0000000000000000        0x0 c:/st/stm32cubeide_1.5.0/stm32cubeide/plugins/com.st.stm32cube.ide.mcu.externaltools.gnu-tools-for-stm32.7-2018-q2-update.win32_1.5.0.202011040924/tools/bin/../lib/gcc/arm-none-eabi/7.3.1/../../../../arm-none-eabi/lib/thumb/v7e-m\libc_nano.a(lib_a-errno.o)
 .text.__errno  0x0000000000000000        0xc c:/st/stm32cubeide_1.5.0/stm32cubeide/plugins/com.st.stm32cube.ide.mcu.externaltools.gnu-tools-for-stm32.7-2018-q2-update.win32_1.5.0.202011040924/tools/bin/../lib/gcc/arm-none-eabi/7.3.1/../../../../arm-none-eabi/lib/thumb/v7e-m\libc_nano.a(lib_a-errno.o)
 .debug_frame   0x0000000000000000       0x20 c:/st/stm32cubeide_1.5.0/stm32cubeide/plugins/com.st.stm32cube.ide.mcu.externaltools.gnu-tools-for-stm32.7-2018-q2-update.win32_1.5.0.202011040924/tools/bin/../lib/gcc/arm-none-eabi/7.3.1/../../../../arm-none-eabi/lib/thumb/v7e-m\libc_nano.a(lib_a-errno.o)
 .ARM.attributes
                0x0000000000000000       0x2e c:/st/stm32cubeide_1.5.0/stm32cubeide/plugins/com.st.stm32cube.ide.mcu.externaltools.gnu-tools-for-stm32.7-2018-q2-update.win32_1.5.0.202011040924/tools/bin/../lib/gcc/arm-none-eabi/7.3.1/../../../../arm-none-eabi/lib/thumb/v7e-m\libc_nano.a(lib_a-errno.o)
 .text          0x0000000000000000        0x0 c:/st/stm32cubeide_1.5.0/stm32cubeide/plugins/com.st.stm32cube.ide.mcu.externaltools.gnu-tools-for-stm32.7-2018-q2-update.win32_1.5.0.202011040924/tools/bin/../lib/gcc/arm-none-eabi/7.3.1/../../../../arm-none-eabi/lib/thumb/v7e-m\libc_nano.a(lib_a-exit.o)
 .data          0x0000000000000000        0x0 c:/st/stm32cubeide_1.5.0/stm32cubeide/plugins/com.st.stm32cube.ide.mcu.externaltools.gnu-tools-for-stm32.7-2018-q2-update.win32_1.5.0.202011040924/tools/bin/../lib/gcc/arm-none-eabi/7.3.1/../../../../arm-none-eabi/lib/thumb/v7e-m\libc_nano.a(lib_a-exit.o)
 .bss           0x0000000000000000        0x0 c:/st/stm32cubeide_1.5.0/stm32cubeide/plugins/com.st.stm32cube.ide.mcu.externaltools.gnu-tools-for-stm32.7-2018-q2-update.win32_1.5.0.202011040924/tools/bin/../lib/gcc/arm-none-eabi/7.3.1/../../../../arm-none-eabi/lib/thumb/v7e-m\libc_nano.a(lib_a-exit.o)
 .text.exit     0x0000000000000000       0x28 c:/st/stm32cubeide_1.5.0/stm32cubeide/plugins/com.st.stm32cube.ide.mcu.externaltools.gnu-tools-for-stm32.7-2018-q2-update.win32_1.5.0.202011040924/tools/bin/../lib/gcc/arm-none-eabi/7.3.1/../../../../arm-none-eabi/lib/thumb/v7e-m\libc_nano.a(lib_a-exit.o)
 .debug_frame   0x0000000000000000       0x28 c:/st/stm32cubeide_1.5.0/stm32cubeide/plugins/com.st.stm32cube.ide.mcu.externaltools.gnu-tools-for-stm32.7-2018-q2-update.win32_1.5.0.202011040924/tools/bin/../lib/gcc/arm-none-eabi/7.3.1/../../../../arm-none-eabi/lib/thumb/v7e-m\libc_nano.a(lib_a-exit.o)
 .ARM.attributes
                0x0000000000000000       0x2e c:/st/stm32cubeide_1.5.0/stm32cubeide/plugins/com.st.stm32cube.ide.mcu.externaltools.gnu-tools-for-stm32.7-2018-q2-update.win32_1.5.0.202011040924/tools/bin/../lib/gcc/arm-none-eabi/7.3.1/../../../../arm-none-eabi/lib/thumb/v7e-m\libc_nano.a(lib_a-exit.o)
 .text          0x0000000000000000        0x0 c:/st/stm32cubeide_1.5.0/stm32cubeide/plugins/com.st.stm32cube.ide.mcu.externaltools.gnu-tools-for-stm32.7-2018-q2-update.win32_1.5.0.202011040924/tools/bin/../lib/gcc/arm-none-eabi/7.3.1/../../../../arm-none-eabi/lib/thumb/v7e-m\libc_nano.a(lib_a-impure.o)
 .data          0x0000000000000000        0x0 c:/st/stm32cubeide_1.5.0/stm32cubeide/plugins/com.st.stm32cube.ide.mcu.externaltools.gnu-tools-for-stm32.7-2018-q2-update.win32_1.5.0.202011040924/tools/bin/../lib/gcc/arm-none-eabi/7.3.1/../../../../arm-none-eabi/lib/thumb/v7e-m\libc_nano.a(lib_a-impure.o)
 .bss           0x0000000000000000        0x0 c:/st/stm32cubeide_1.5.0/stm32cubeide/plugins/com.st.stm32cube.ide.mcu.externaltools.gnu-tools-for-stm32.7-2018-q2-update.win32_1.5.0.202011040924/tools/bin/../lib/gcc/arm-none-eabi/7.3.1/../../../../arm-none-eabi/lib/thumb/v7e-m\libc_nano.a(lib_a-impure.o)
 .data._impure_ptr
                0x0000000000000000        0x4 c:/st/stm32cubeide_1.5.0/stm32cubeide/plugins/com.st.stm32cube.ide.mcu.externaltools.gnu-tools-for-stm32.7-2018-q2-update.win32_1.5.0.202011040924/tools/bin/../lib/gcc/arm-none-eabi/7.3.1/../../../../arm-none-eabi/lib/thumb/v7e-m\libc_nano.a(lib_a-impure.o)
 .data.impure_data
                0x0000000000000000       0x60 c:/st/stm32cubeide_1.5.0/stm32cubeide/plugins/com.st.stm32cube.ide.mcu.externaltools.gnu-tools-for-stm32.7-2018-q2-update.win32_1.5.0.202011040924/tools/bin/../lib/gcc/arm-none-eabi/7.3.1/../../../../arm-none-eabi/lib/thumb/v7e-m\libc_nano.a(lib_a-impure.o)
 .rodata._global_impure_ptr
                0x0000000000000000        0x4 c:/st/stm32cubeide_1.5.0/stm32cubeide/plugins/com.st.stm32cube.ide.mcu.externaltools.gnu-tools-for-stm32.7-2018-q2-update.win32_1.5.0.202011040924/tools/bin/../lib/gcc/arm-none-eabi/7.3.1/../../../../arm-none-eabi/lib/thumb/v7e-m\libc_nano.a(lib_a-impure.o)
 .ARM.attributes
                0x0000000000000000       0x2e c:/st/stm32cubeide_1.5.0/stm32cubeide/plugins/com.st.stm32cube.ide.mcu.externaltools.gnu-tools-for-stm32.7-2018-q2-update.win32_1.5.0.202011040924/tools/bin/../lib/gcc/arm-none-eabi/7.3.1/../../../../arm-none-eabi/lib/thumb/v7e-m\libc_nano.a(lib_a-impure.o)
 .text          0x0000000000000000        0x0 c:/st/stm32cubeide_1.5.0/stm32cubeide/plugins/com.st.stm32cube.ide.mcu.externaltools.gnu-tools-for-stm32.7-2018-q2-update.win32_1.5.0.202011040924/tools/bin/../lib/gcc/arm-none-eabi/7.3.1/../../../../arm-none-eabi/lib/thumb/v7e-m\libc_nano.a(lib_a-init.o)
 .data          0x0000000000000000        0x0 c:/st/stm32cubeide_1.5.0/stm32cubeide/plugins/com.st.stm32cube.ide.mcu.externaltools.gnu-tools-for-stm32.7-2018-q2-update.win32_1.5.0.202011040924/tools/bin/../lib/gcc/arm-none-eabi/7.3.1/../../../../arm-none-eabi/lib/thumb/v7e-m\libc_nano.a(lib_a-init.o)
 .bss           0x0000000000000000        0x0 c:/st/stm32cubeide_1.5.0/stm32cubeide/plugins/com.st.stm32cube.ide.mcu.externaltools.gnu-tools-for-stm32.7-2018-q2-update.win32_1.5.0.202011040924/tools/bin/../lib/gcc/arm-none-eabi/7.3.1/../../../../arm-none-eabi/lib/thumb/v7e-m\libc_nano.a(lib_a-init.o)
 .text          0x0000000000000000        0x0 c:/st/stm32cubeide_1.5.0/stm32cubeide/plugins/com.st.stm32cube.ide.mcu.externaltools.gnu-tools-for-stm32.7-2018-q2-update.win32_1.5.0.202011040924/tools/bin/../lib/gcc/arm-none-eabi/7.3.1/../../../../arm-none-eabi/lib/thumb/v7e-m\libc_nano.a(lib_a-memset.o)
 .data          0x0000000000000000        0x0 c:/st/stm32cubeide_1.5.0/stm32cubeide/plugins/com.st.stm32cube.ide.mcu.externaltools.gnu-tools-for-stm32.7-2018-q2-update.win32_1.5.0.202011040924/tools/bin/../lib/gcc/arm-none-eabi/7.3.1/../../../../arm-none-eabi/lib/thumb/v7e-m\libc_nano.a(lib_a-memset.o)
 .bss           0x0000000000000000        0x0 c:/st/stm32cubeide_1.5.0/stm32cubeide/plugins/com.st.stm32cube.ide.mcu.externaltools.gnu-tools-for-stm32.7-2018-q2-update.win32_1.5.0.202011040924/tools/bin/../lib/gcc/arm-none-eabi/7.3.1/../../../../arm-none-eabi/lib/thumb/v7e-m\libc_nano.a(lib_a-memset.o)
 .data          0x0000000000000000        0x0 c:/st/stm32cubeide_1.5.0/stm32cubeide/plugins/com.st.stm32cube.ide.mcu.externaltools.gnu-tools-for-stm32.7-2018-q2-update.win32_1.5.0.202011040924/tools/bin/../lib/gcc/arm-none-eabi/7.3.1/../../../../arm-none-eabi/lib/thumb/v7e-m\libc_nano.a(lib_a-strlen.o)
 .bss           0x0000000000000000        0x0 c:/st/stm32cubeide_1.5.0/stm32cubeide/plugins/com.st.stm32cube.ide.mcu.externaltools.gnu-tools-for-stm32.7-2018-q2-update.win32_1.5.0.202011040924/tools/bin/../lib/gcc/arm-none-eabi/7.3.1/../../../../arm-none-eabi/lib/thumb/v7e-m\libc_nano.a(lib_a-strlen.o)
 .text          0x0000000000000000        0x0 c:/st/stm32cubeide_1.5.0/stm32cubeide/plugins/com.st.stm32cube.ide.mcu.externaltools.gnu-tools-for-stm32.7-2018-q2-update.win32_1.5.0.202011040924/tools/bin/../lib/gcc/arm-none-eabi/7.3.1/thumb/v7e-m/crtend.o
 .data          0x0000000000000000        0x0 c:/st/stm32cubeide_1.5.0/stm32cubeide/plugins/com.st.stm32cube.ide.mcu.externaltools.gnu-tools-for-stm32.7-2018-q2-update.win32_1.5.0.202011040924/tools/bin/../lib/gcc/arm-none-eabi/7.3.1/thumb/v7e-m/crtend.o
 .bss           0x0000000000000000        0x0 c:/st/stm32cubeide_1.5.0/stm32cubeide/plugins/com.st.stm32cube.ide.mcu.externaltools.gnu-tools-for-stm32.7-2018-q2-update.win32_1.5.0.202011040924/tools/bin/../lib/gcc/arm-none-eabi/7.3.1/thumb/v7e-m/crtend.o
 .eh_frame      0x0000000000000000        0x4 c:/st/stm32cubeide_1.5.0/stm32cubeide/plugins/com.st.stm32cube.ide.mcu.externaltools.gnu-tools-for-stm32.7-2018-q2-update.win32_1.5.0.202011040924/tools/bin/../lib/gcc/arm-none-eabi/7.3.1/thumb/v7e-m/crtend.o
 .ARM.attributes
                0x0000000000000000       0x2e c:/st/stm32cubeide_1.5.0/stm32cubeide/plugins/com.st.stm32cube.ide.mcu.externaltools.gnu-tools-for-stm32.7-2018-q2-update.win32_1.5.0.202011040924/tools/bin/../lib/gcc/arm-none-eabi/7.3.1/thumb/v7e-m/crtend.o
 .text          0x0000000000000000        0x0 c:/st/stm32cubeide_1.5.0/stm32cubeide/plugins/com.st.stm32cube.ide.mcu.externaltools.gnu-tools-for-stm32.7-2018-q2-update.win32_1.5.0.202011040924/tools/bin/../lib/gcc/arm-none-eabi/7.3.1/thumb/v7e-m/crtn.o
 .data          0x0000000000000000        0x0 c:/st/stm32cubeide_1.5.0/stm32cubeide/plugins/com.st.stm32cube.ide.mcu.externaltools.gnu-tools-for-stm32.7-2018-q2-update.win32_1.5.0.202011040924/tools/bin/../lib/gcc/arm-none-eabi/7.3.1/thumb/v7e-m/crtn.o
 .bss           0x0000000000000000        0x0 c:/st/stm32cubeide_1.5.0/stm32cubeide/plugins/com.st.stm32cube.ide.mcu.externaltools.gnu-tools-for-stm32.7-2018-q2-update.win32_1.5.0.202011040924/tools/bin/../lib/gcc/arm-none-eabi/7.3.1/thumb/v7e-m/crtn.o

Memory Configuration

Name             Origin             Length             Attributes
RAM              0x0000000020000000 0x0000000000020000 xrw
FLASH            0x0000000008000000 0x0000000000100000 xr
*default*        0x0000000000000000 0xffffffffffffffff

Linker script and memory map

LOAD c:/st/stm32cubeide_1.5.0/stm32cubeide/plugins/com.st.stm32cube.ide.mcu.externaltools.gnu-tools-for-stm32.7-2018-q2-update.win32_1.5.0.202011040924/tools/bin/../lib/gcc/arm-none-eabi/7.3.1/thumb/v7e-m/crti.o
LOAD c:/st/stm32cubeide_1.5.0/stm32cubeide/plugins/com.st.stm32cube.ide.mcu.externaltools.gnu-tools-for-stm32.7-2018-q2-update.win32_1.5.0.202011040924/tools/bin/../lib/gcc/arm-none-eabi/7.3.1/thumb/v7e-m/crtbegin.o
LOAD c:/st/stm32cubeide_1.5.0/stm32cubeide/plugins/com.st.stm32cube.ide.mcu.externaltools.gnu-tools-for-stm32.7-2018-q2-update.win32_1.5.0.202011040924/tools/bin/../lib/gcc/arm-none-eabi/7.3.1/../../../../arm-none-eabi/lib/thumb/v7e-m/crt0.o
LOAD Src/SPI_TXRXBlocking.o
LOAD Src/syscalls.o
LOAD Src/sysmem.o
LOAD Startup/startup_stm32f407vgtx.o
LOAD drivers/src/stm32f407xx_GPIO_driver.o
LOAD drivers/src/stm32f407xx_SPI_driver.o
START GROUP
LOAD c:/st/stm32cubeide_1.5.0/stm32cubeide/plugins/com.st.stm32cube.ide.mcu.externaltools.gnu-tools-for-stm32.7-2018-q2-update.win32_1.5.0.202011040924/tools/bin/../lib/gcc/arm-none-eabi/7.3.1/../../../../arm-none-eabi/lib/thumb/v7e-m\libc_nano.a
LOAD c:/st/stm32cubeide_1.5.0/stm32cubeide/plugins/com.st.stm32cube.ide.mcu.externaltools.gnu-tools-for-stm32.7-2018-q2-update.win32_1.5.0.202011040924/tools/bin/../lib/gcc/arm-none-eabi/7.3.1/../../../../arm-none-eabi/lib/thumb/v7e-m\libm.a
END GROUP
START GROUP
LOAD c:/st/stm32cubeide_1.5.0/stm32cubeide/plugins/com.st.stm32cube.ide.mcu.externaltools.gnu-tools-for-stm32.7-2018-q2-update.win32_1.5.0.202011040924/tools/bin/../lib/gcc/arm-none-eabi/7.3.1/thumb/v7e-m\libgcc.a
LOAD c:/st/stm32cubeide_1.5.0/stm32cubeide/plugins/com.st.stm32cube.ide.mcu.externaltools.gnu-tools-for-stm32.7-2018-q2-update.win32_1.5.0.202011040924/tools/bin/../lib/gcc/arm-none-eabi/7.3.1/../../../../arm-none-eabi/lib/thumb/v7e-m\libc_nano.a
END GROUP
START GROUP
LOAD c:/st/stm32cubeide_1.5.0/stm32cubeide/plugins/com.st.stm32cube.ide.mcu.externaltools.gnu-tools-for-stm32.7-2018-q2-update.win32_1.5.0.202011040924/tools/bin/../lib/gcc/arm-none-eabi/7.3.1/thumb/v7e-m\libgcc.a
LOAD c:/st/stm32cubeide_1.5.0/stm32cubeide/plugins/com.st.stm32cube.ide.mcu.externaltools.gnu-tools-for-stm32.7-2018-q2-update.win32_1.5.0.202011040924/tools/bin/../lib/gcc/arm-none-eabi/7.3.1/../../../../arm-none-eabi/lib/thumb/v7e-m\libc_nano.a
LOAD c:/st/stm32cubeide_1.5.0/stm32cubeide/plugins/com.st.stm32cube.ide.mcu.externaltools.gnu-tools-for-stm32.7-2018-q2-update.win32_1.5.0.202011040924/tools/bin/../lib/gcc/arm-none-eabi/7.3.1/../../../../arm-none-eabi/lib/thumb/v7e-m\libnosys.a
END GROUP
START GROUP
LOAD c:/st/stm32cubeide_1.5.0/stm32cubeide/plugins/com.st.stm32cube.ide.mcu.externaltools.gnu-tools-for-stm32.7-2018-q2-update.win32_1.5.0.202011040924/tools/bin/../lib/gcc/arm-none-eabi/7.3.1/thumb/v7e-m\libgcc.a
LOAD c:/st/stm32cubeide_1.5.0/stm32cubeide/plugins/com.st.stm32cube.ide.mcu.externaltools.gnu-tools-for-stm32.7-2018-q2-update.win32_1.5.0.202011040924/tools/bin/../lib/gcc/arm-none-eabi/7.3.1/../../../../arm-none-eabi/lib/thumb/v7e-m\libc_nano.a
LOAD c:/st/stm32cubeide_1.5.0/stm32cubeide/plugins/com.st.stm32cube.ide.mcu.externaltools.gnu-tools-for-stm32.7-2018-q2-update.win32_1.5.0.202011040924/tools/bin/../lib/gcc/arm-none-eabi/7.3.1/../../../../arm-none-eabi/lib/thumb/v7e-m\libnosys.a
END GROUP
LOAD c:/st/stm32cubeide_1.5.0/stm32cubeide/plugins/com.st.stm32cube.ide.mcu.externaltools.gnu-tools-for-stm32.7-2018-q2-update.win32_1.5.0.202011040924/tools/bin/../lib/gcc/arm-none-eabi/7.3.1/thumb/v7e-m/crtend.o
LOAD c:/st/stm32cubeide_1.5.0/stm32cubeide/plugins/com.st.stm32cube.ide.mcu.externaltools.gnu-tools-for-stm32.7-2018-q2-update.win32_1.5.0.202011040924/tools/bin/../lib/gcc/arm-none-eabi/7.3.1/thumb/v7e-m/crtn.o
                0x0000000020020000                _estack = (ORIGIN (RAM) + LENGTH (RAM))
                0x0000000000000200                _Min_Heap_Size = 0x200
                0x0000000000000400                _Min_Stack_Size = 0x400

.isr_vector     0x0000000008000000      0x1a8
                0x0000000008000000                . = ALIGN (0x4)
 *(.isr_vector)
 .isr_vector    0x0000000008000000      0x1a8 Startup/startup_stm32f407vgtx.o
                0x0000000008000000                g_pfnVectors
                0x00000000080001a8                . = ALIGN (0x4)

.text           0x00000000080001a8      0xd8c
                0x00000000080001a8                . = ALIGN (0x4)
 *(.text)
 .text          0x00000000080001a8       0x40 c:/st/stm32cubeide_1.5.0/stm32cubeide/plugins/com.st.stm32cube.ide.mcu.externaltools.gnu-tools-for-stm32.7-2018-q2-update.win32_1.5.0.202011040924/tools/bin/../lib/gcc/arm-none-eabi/7.3.1/thumb/v7e-m/crtbegin.o
 .text          0x00000000080001e8       0x10 c:/st/stm32cubeide_1.5.0/stm32cubeide/plugins/com.st.stm32cube.ide.mcu.externaltools.gnu-tools-for-stm32.7-2018-q2-update.win32_1.5.0.202011040924/tools/bin/../lib/gcc/arm-none-eabi/7.3.1/../../../../arm-none-eabi/lib/thumb/v7e-m\libc_nano.a(lib_a-strlen.o)
                0x00000000080001e8                strlen
 *(.text*)
 .text.delay    0x00000000080001f8       0x28 Src/SPI_TXRXBlocking.o
                0x00000000080001f8                delay
 .text.CmdIDReadAdruino
                0x0000000008000220       0xac Src/SPI_TXRXBlocking.o
                0x0000000008000220                CmdIDReadAdruino
 .text.CmdPrintAdruino
                0x00000000080002cc       0xb8 Src/SPI_TXRXBlocking.o
                0x00000000080002cc                CmdPrintAdruino
 .text.CmdLedctrlAdruino
                0x0000000008000384       0xa4 Src/SPI_TXRXBlocking.o
                0x0000000008000384                CmdLedctrlAdruino
 .text.CmdReadAnalogAdruino
                0x0000000008000428       0xb0 Src/SPI_TXRXBlocking.o
                0x0000000008000428                CmdReadAnalogAdruino
 .text.CmdReadLedAdruino
                0x00000000080004d8       0xb0 Src/SPI_TXRXBlocking.o
                0x00000000080004d8                CmdReadLedAdruino
 .text.GPIO_ButtonCfg
                0x0000000008000588       0x38 Src/SPI_TXRXBlocking.o
                0x0000000008000588                GPIO_ButtonCfg
 .text.SPI2_PinCfg
                0x00000000080005c0       0x70 Src/SPI_TXRXBlocking.o
                0x00000000080005c0                SPI2_PinCfg
 .text.SPI2_InitConfig
                0x0000000008000630       0x3c Src/SPI_TXRXBlocking.o
                0x0000000008000630                SPI2_InitConfig
 .text.main     0x000000000800066c      0x10c Src/SPI_TXRXBlocking.o
                0x000000000800066c                main
 .text.Reset_Handler
                0x0000000008000778       0x50 Startup/startup_stm32f407vgtx.o
                0x0000000008000778                Reset_Handler
 .text.Default_Handler
                0x00000000080007c8        0x2 Startup/startup_stm32f407vgtx.o
                0x00000000080007c8                RTC_Alarm_IRQHandler
                0x00000000080007c8                HASH_RNG_IRQHandler
                0x00000000080007c8                EXTI2_IRQHandler
                0x00000000080007c8                TIM8_CC_IRQHandler
                0x00000000080007c8                DebugMon_Handler
                0x00000000080007c8                TIM1_CC_IRQHandler
                0x00000000080007c8                DMA2_Stream5_IRQHandler
                0x00000000080007c8                HardFault_Handler
                0x00000000080007c8                DMA1_Stream5_IRQHandler
                0x00000000080007c8                SysTick_Handler
                0x00000000080007c8                PVD_IRQHandler
                0x00000000080007c8                SDIO_IRQHandler
                0x00000000080007c8                TAMP_STAMP_IRQHandler
                0x00000000080007c8                PendSV_Handler
                0x00000000080007c8                NMI_Handler
                0x00000000080007c8                CAN2_RX1_IRQHandler
                0x00000000080007c8                EXTI3_IRQHandler
                0x00000000080007c8                TIM8_TRG_COM_TIM14_IRQHandler
                0x00000000080007c8                TIM1_UP_TIM10_IRQHandler
                0x00000000080007c8                TIM8_UP_TIM13_IRQHandler
                0x00000000080007c8                I2C3_ER_IRQHandler
                0x00000000080007c8                LCD_TFT_IRQHandler
                0x00000000080007c8                EXTI0_IRQHandler
                0x00000000080007c8                I2C2_EV_IRQHandler
                0x00000000080007c8                DMA1_Stream2_IRQHandler
                0x00000000080007c8                CAN1_RX0_IRQHandler
                0x00000000080007c8                FPU_IRQHandler
                0x00000000080007c8                OTG_HS_WKUP_IRQHandler
                0x00000000080007c8                UsageFault_Handler
                0x00000000080007c8                CAN2_SCE_IRQHandler
                0x00000000080007c8                DMA2_Stream2_IRQHandler
                0x00000000080007c8                SPI1_IRQHandler
                0x00000000080007c8                TIM6_DAC_IRQHandler
                0x00000000080007c8                TIM1_BRK_TIM9_IRQHandler
                0x00000000080007c8                DCMI_IRQHandler
                0x00000000080007c8                CAN2_RX0_IRQHandler
                0x00000000080007c8                DMA2_Stream3_IRQHandler
                0x00000000080007c8                USART6_IRQHandler
                0x00000000080007c8                USART3_IRQHandler
                0x00000000080007c8                CRYP_IRQHandler
                0x00000000080007c8                CAN1_RX1_IRQHandler
                0x00000000080007c8                UART5_IRQHandler
                0x00000000080007c8                DMA2_Stream0_IRQHandler
                0x00000000080007c8                TIM4_IRQHandler
                0x00000000080007c8                I2C1_EV_IRQHandler
                0x00000000080007c8                DMA1_Stream6_IRQHandler
                0x00000000080007c8                DMA1_Stream1_IRQHandler
                0x00000000080007c8                UART4_IRQHandler
                0x00000000080007c8                LCD_TFT_1_IRQHandler
                0x00000000080007c8                TIM3_IRQHandler
                0x00000000080007c8                RCC_IRQHandler
                0x00000000080007c8                TIM8_BRK_TIM12_IRQHandler
                0x00000000080007c8                Default_Handler
                0x00000000080007c8                EXTI15_10_IRQHandler
                0x00000000080007c8                ADC_IRQHandler
                0x00000000080007c8                DMA1_Stream7_IRQHandler
                0x00000000080007c8                TIM7_IRQHandler
                0x00000000080007c8                CAN2_TX_IRQHandler
                0x00000000080007c8                TIM5_IRQHandler
                0x00000000080007c8                DMA2_Stream7_IRQHandler
                0x00000000080007c8                I2C3_EV_IRQHandler
                0x00000000080007c8                EXTI9_5_IRQHandler
                0x00000000080007c8                RTC_WKUP_IRQHandler
                0x00000000080007c8                ETH_WKUP_IRQHandler
                0x00000000080007c8                SPI2_IRQHandler
                0x00000000080007c8                OTG_HS_EP1_IN_IRQHandler
                0x00000000080007c8                MemManage_Handler
                0x00000000080007c8                DMA1_Stream0_IRQHandler
                0x00000000080007c8                CAN1_TX_IRQHandler
                0x00000000080007c8                SVC_Handler
                0x00000000080007c8                EXTI4_IRQHandler
                0x00000000080007c8                FSMC_IRQHandler
                0x00000000080007c8                ETH_IRQHandler
                0x00000000080007c8                OTG_HS_EP1_OUT_IRQHandler
                0x00000000080007c8                WWDG_IRQHandler
                0x00000000080007c8                TIM2_IRQHandler
                0x00000000080007c8                OTG_FS_WKUP_IRQHandler
                0x00000000080007c8                TIM1_TRG_COM_TIM11_IRQHandler
                0x00000000080007c8                OTG_HS_IRQHandler
                0x00000000080007c8                EXTI1_IRQHandler
                0x00000000080007c8                USART2_IRQHandler
                0x00000000080007c8                I2C2_ER_IRQHandler
                0x00000000080007c8                DMA2_Stream1_IRQHandler
                0x00000000080007c8                CAN1_SCE_IRQHandler
                0x00000000080007c8                DMA2_Stream4_IRQHandler
                0x00000000080007c8                BusFault_Handler
                0x00000000080007c8                USART1_IRQHandler
                0x00000000080007c8                OTG_FS_IRQHandler
                0x00000000080007c8                SPI3_IRQHandler
                0x00000000080007c8                DMA1_Stream4_IRQHandler
                0x00000000080007c8                I2C1_ER_IRQHandler
                0x00000000080007c8                DMA2_Stream6_IRQHandler
                0x00000000080007c8                DMA1_Stream3_IRQHandler
 *fill*         0x00000000080007ca        0x2 
 .text.GPIO_PheripheralClockCfg
                0x00000000080007cc       0x50 drivers/src/stm32f407xx_GPIO_driver.o
                0x00000000080007cc                GPIO_PheripheralClockCfg
 .text.GPIO_init
                0x000000000800081c      0x368 drivers/src/stm32f407xx_GPIO_driver.o
                0x000000000800081c                GPIO_init
 .text.GPIO_ReadInputPin
                0x0000000008000b84       0x2e drivers/src/stm32f407xx_GPIO_driver.o
                0x0000000008000b84                GPIO_ReadInputPin
 *fill*         0x0000000008000bb2        0x2 
 .text.SPI_PheripheralClockCfg
                0x0000000008000bb4       0xdc drivers/src/stm32f407xx_SPI_driver.o
                0x0000000008000bb4                SPI_PheripheralClockCfg
 .text.SPI_init
                0x0000000008000c90       0xd0 drivers/src/stm32f407xx_SPI_driver.o
                0x0000000008000c90                SPI_init
 .text.SPI_SendData
                0x0000000008000d60       0x6c drivers/src/stm32f407xx_SPI_driver.o
                0x0000000008000d60                SPI_SendData
 .text.SPI_RecieveData
                0x0000000008000dcc       0x6c drivers/src/stm32f407xx_SPI_driver.o
                0x0000000008000dcc                SPI_RecieveData
 .text.SPI_PeripheralEnable
                0x0000000008000e38       0x36 drivers/src/stm32f407xx_SPI_driver.o
                0x0000000008000e38                SPI_PeripheralEnable
 .text.SPI_GetBusyFlagStatus
                0x0000000008000e6e       0x1e drivers/src/stm32f407xx_SPI_driver.o
                0x0000000008000e6e                SPI_GetBusyFlagStatus
 .text.SPI_SSOEControl
                0x0000000008000e8c       0x36 drivers/src/stm32f407xx_SPI_driver.o
                0x0000000008000e8c                SPI_SSOEControl
 *fill*         0x0000000008000ec2        0x2 
 .text.__libc_init_array
                0x0000000008000ec4       0x48 c:/st/stm32cubeide_1.5.0/stm32cubeide/plugins/com.st.stm32cube.ide.mcu.externaltools.gnu-tools-for-stm32.7-2018-q2-update.win32_1.5.0.202011040924/tools/bin/../lib/gcc/arm-none-eabi/7.3.1/../../../../arm-none-eabi/lib/thumb/v7e-m\libc_nano.a(lib_a-init.o)
                0x0000000008000ec4                __libc_init_array
 .text.memset   0x0000000008000f0c       0x10 c:/st/stm32cubeide_1.5.0/stm32cubeide/plugins/com.st.stm32cube.ide.mcu.externaltools.gnu-tools-for-stm32.7-2018-q2-update.win32_1.5.0.202011040924/tools/bin/../lib/gcc/arm-none-eabi/7.3.1/../../../../arm-none-eabi/lib/thumb/v7e-m\libc_nano.a(lib_a-memset.o)
                0x0000000008000f0c                memset
 *(.glue_7)
 .glue_7        0x0000000008000f1c        0x0 linker stubs
 *(.glue_7t)
 .glue_7t       0x0000000008000f1c        0x0 linker stubs
 *(.eh_frame)
 .eh_frame      0x0000000008000f1c        0x0 c:/st/stm32cubeide_1.5.0/stm32cubeide/plugins/com.st.stm32cube.ide.mcu.externaltools.gnu-tools-for-stm32.7-2018-q2-update.win32_1.5.0.202011040924/tools/bin/../lib/gcc/arm-none-eabi/7.3.1/thumb/v7e-m/crtbegin.o
 *(.init)
 .init          0x0000000008000f1c        0x4 c:/st/stm32cubeide_1.5.0/stm32cubeide/plugins/com.st.stm32cube.ide.mcu.externaltools.gnu-tools-for-stm32.7-2018-q2-update.win32_1.5.0.202011040924/tools/bin/../lib/gcc/arm-none-eabi/7.3.1/thumb/v7e-m/crti.o
                0x0000000008000f1c                _init
 .init          0x0000000008000f20        0x8 c:/st/stm32cubeide_1.5.0/stm32cubeide/plugins/com.st.stm32cube.ide.mcu.externaltools.gnu-tools-for-stm32.7-2018-q2-update.win32_1.5.0.202011040924/tools/bin/../lib/gcc/arm-none-eabi/7.3.1/thumb/v7e-m/crtn.o
 *(.fini)
 .fini          0x0000000008000f28        0x4 c:/st/stm32cubeide_1.5.0/stm32cubeide/plugins/com.st.stm32cube.ide.mcu.externaltools.gnu-tools-for-stm32.7-2018-q2-update.win32_1.5.0.202011040924/tools/bin/../lib/gcc/arm-none-eabi/7.3.1/thumb/v7e-m/crti.o
                0x0000000008000f28                _fini
 .fini          0x0000000008000f2c        0x8 c:/st/stm32cubeide_1.5.0/stm32cubeide/plugins/com.st.stm32cube.ide.mcu.externaltools.gnu-tools-for-stm32.7-2018-q2-update.win32_1.5.0.202011040924/tools/bin/../lib/gcc/arm-none-eabi/7.3.1/thumb/v7e-m/crtn.o
                0x0000000008000f34                . = ALIGN (0x4)
                0x0000000008000f34                _etext = .

.vfp11_veneer   0x0000000008000f34        0x0
 .vfp11_veneer  0x0000000008000f34        0x0 linker stubs

.v4_bx          0x0000000008000f34        0x0
 .v4_bx         0x0000000008000f34        0x0 linker stubs

.iplt           0x0000000008000f34        0x0
 .iplt          0x0000000008000f34        0x0 c:/st/stm32cubeide_1.5.0/stm32cubeide/plugins/com.st.stm32cube.ide.mcu.externaltools.gnu-tools-for-stm32.7-2018-q2-update.win32_1.5.0.202011040924/tools/bin/../lib/gcc/arm-none-eabi/7.3.1/thumb/v7e-m/crtbegin.o

.rodata         0x0000000008000f34       0x24
                0x0000000008000f34                . = ALIGN (0x4)
 *(.rodata)
 .rodata        0x0000000008000f34       0x22 Src/SPI_TXRXBlocking.o
 *(.rodata*)
                0x0000000008000f58                . = ALIGN (0x4)
 *fill*         0x0000000008000f56        0x2 

.rel.dyn        0x0000000008000f58        0x0
 .rel.iplt      0x0000000008000f58        0x0 c:/st/stm32cubeide_1.5.0/stm32cubeide/plugins/com.st.stm32cube.ide.mcu.externaltools.gnu-tools-for-stm32.7-2018-q2-update.win32_1.5.0.202011040924/tools/bin/../lib/gcc/arm-none-eabi/7.3.1/thumb/v7e-m/crtbegin.o

.ARM.extab      0x0000000008000f58        0x0
                0x0000000008000f58                . = ALIGN (0x4)
 *(.ARM.extab* .gnu.linkonce.armextab.*)
                0x0000000008000f58                . = ALIGN (0x4)

.ARM            0x0000000008000f58        0x0
                0x0000000008000f58                . = ALIGN (0x4)
                0x0000000008000f58                __exidx_start = .
 *(.ARM.exidx*)
                0x0000000008000f58                __exidx_end = .
                0x0000000008000f58                . = ALIGN (0x4)

.preinit_array  0x0000000008000f58        0x0
                0x0000000008000f58                . = ALIGN (0x4)
                0x0000000008000f58                PROVIDE (__preinit_array_start = .)
 *(.preinit_array*)
                0x0000000008000f58                PROVIDE (__preinit_array_end = .)
                0x0000000008000f58                . = ALIGN (0x4)

.init_array     0x0000000008000f58        0x4
                0x0000000008000f58                . = ALIGN (0x4)
                0x0000000008000f58                PROVIDE (__init_array_start = .)
 *(SORT_BY_NAME(.init_array.*))
 *(.init_array*)
 .init_array    0x0000000008000f58        0x4 c:/st/stm32cubeide_1.5.0/stm32cubeide/plugins/com.st.stm32cube.ide.mcu.externaltools.gnu-tools-for-stm32.7-2018-q2-update.win32_1.5.0.202011040924/tools/bin/../lib/gcc/arm-none-eabi/7.3.1/thumb/v7e-m/crtbegin.o
                0x0000000008000f5c                PROVIDE (__init_array_end = .)
                0x0000000008000f5c                . = ALIGN (0x4)

.fini_array     0x0000000008000f5c        0x4
                0x0000000008000f5c                . = ALIGN (0x4)
                [!provide]                        PROVIDE (__fini_array_start = .)
 *(SORT_BY_NAME(.fini_array.*))
 *(.fini_array*)
 .fini_array    0x0000000008000f5c        0x4 c:/st/stm32cubeide_1.5.0/stm32cubeide/plugins/com.st.stm32cube.ide.mcu.externaltools.gnu-tools-for-stm32.7-2018-q2-update.win32_1.5.0.202011040924/tools/bin/../lib/gcc/arm-none-eabi/7.3.1/thumb/v7e-m/crtbegin.o
                [!provide]                        PROVIDE (__fini_array_end = .)
                0x0000000008000f60                . = ALIGN (0x4)
                0x0000000008000f60                _sidata = LOADADDR (.data)

.data           0x0000000020000000        0x0 load address 0x0000000008000f60
                0x0000000020000000                . = ALIGN (0x4)
                0x0000000020000000                _sdata = .
 *(.data)
 *(.data*)
 *(.RamFunc)
 *(.RamFunc*)
                0x0000000020000000                . = ALIGN (0x4)
                0x0000000020000000                _edata = .

.igot.plt       0x0000000020000000        0x0 load address 0x0000000008000f60
 .igot.plt      0x0000000020000000        0x0 c:/st/stm32cubeide_1.5.0/stm32cubeide/plugins/com.st.stm32cube.ide.mcu.externaltools.gnu-tools-for-stm32.7-2018-q2-update.win32_1.5.0.202011040924/tools/bin/../lib/gcc/arm-none-eabi/7.3.1/thumb/v7e-m/crtbegin.o
                0x0000000020000000                . = ALIGN (0x4)

.bss            0x0000000020000000       0x1c load address 0x0000000008000f60
                0x0000000020000000                _sbss = .
                0x0000000020000000                __bss_start__ = _sbss
 *(.bss)
 .bss           0x0000000020000000       0x1c c:/st/stm32cubeide_1.5.0/stm32cubeide/plugins/com.st.stm32cube.ide.mcu.externaltools.gnu-tools-for-stm32.7-2018-q2-update.win32_1.5.0.202011040924/tools/bin/../lib/gcc/arm-none-eabi/7.3.1/thumb/v7e-m/crtbegin.o
 *(.bss*)
 *(COMMON)
                0x000000002000001c                . = ALIGN (0x4)
                0x000000002000001c                _ebss = .
                0x000000002000001c                __bss_end__ = _ebss

._user_heap_stack
                0x000000002000001c      0x604 load address 0x0000000008000f60
                0x0000000020000020                . = ALIGN (0x8)
 *fill*         0x000000002000001c        0x4 
                [!provide]                        PROVIDE (end = .)
                0x0000000020000020                PROVIDE (_end = .)
                0x0000000020000220                . = (. + _Min_Heap_Size)
 *fill*         0x0000000020000020      0x200 
                0x0000000020000620                . = (. + _Min_Stack_Size)
 *fill*         0x0000000020000220      0x400 
                0x0000000020000620                . = ALIGN (0x8)

/DISCARD/
 libc.a(*)
 libm.a(*)
 libgcc.a(*)

.ARM.attributes
                0x0000000000000000       0x2a
 *(.ARM.attributes)
 .ARM.attributes
                0x0000000000000000       0x1e c:/st/stm32cubeide_1.5.0/stm32cubeide/plugins/com.st.stm32cube.ide.mcu.externaltools.gnu-tools-for-stm32.7-2018-q2-update.win32_1.5.0.202011040924/tools/bin/../lib/gcc/arm-none-eabi/7.3.1/thumb/v7e-m/crti.o
 .ARM.attributes
                0x000000000000001e       0x2e c:/st/stm32cubeide_1.5.0/stm32cubeide/plugins/com.st.stm32cube.ide.mcu.externaltools.gnu-tools-for-stm32.7-2018-q2-update.win32_1.5.0.202011040924/tools/bin/../lib/gcc/arm-none-eabi/7.3.1/thumb/v7e-m/crtbegin.o
 .ARM.attributes
                0x000000000000004c       0x33 Src/SPI_TXRXBlocking.o
 .ARM.attributes
                0x000000000000007f       0x21 Startup/startup_stm32f407vgtx.o
 .ARM.attributes
                0x00000000000000a0       0x33 drivers/src/stm32f407xx_GPIO_driver.o
 .ARM.attributes
                0x00000000000000d3       0x33 drivers/src/stm32f407xx_SPI_driver.o
 .ARM.attributes
                0x0000000000000106       0x2e c:/st/stm32cubeide_1.5.0/stm32cubeide/plugins/com.st.stm32cube.ide.mcu.externaltools.gnu-tools-for-stm32.7-2018-q2-update.win32_1.5.0.202011040924/tools/bin/../lib/gcc/arm-none-eabi/7.3.1/../../../../arm-none-eabi/lib/thumb/v7e-m\libc_nano.a(lib_a-init.o)
 .ARM.attributes
                0x0000000000000134       0x2e c:/st/stm32cubeide_1.5.0/stm32cubeide/plugins/com.st.stm32cube.ide.mcu.externaltools.gnu-tools-for-stm32.7-2018-q2-update.win32_1.5.0.202011040924/tools/bin/../lib/gcc/arm-none-eabi/7.3.1/../../../../arm-none-eabi/lib/thumb/v7e-m\libc_nano.a(lib_a-memset.o)
 .ARM.attributes
                0x0000000000000162       0x17 c:/st/stm32cubeide_1.5.0/stm32cubeide/plugins/com.st.stm32cube.ide.mcu.externaltools.gnu-tools-for-stm32.7-2018-q2-update.win32_1.5.0.202011040924/tools/bin/../lib/gcc/arm-none-eabi/7.3.1/../../../../arm-none-eabi/lib/thumb/v7e-m\libc_nano.a(lib_a-strlen.o)
 .ARM.attributes
                0x0000000000000179       0x1e c:/st/stm32cubeide_1.5.0/stm32cubeide/plugins/com.st.stm32cube.ide.mcu.externaltools.gnu-tools-for-stm32.7-2018-q2-update.win32_1.5.0.202011040924/tools/bin/../lib/gcc/arm-none-eabi/7.3.1/thumb/v7e-m/crtn.o
OUTPUT(STM32F407_drivers.elf elf32-littlearm)

.debug_info     0x0000000000000000     0x1de8
 .debug_info    0x0000000000000000      0xec4 Src/SPI_TXRXBlocking.o
 .debug_info    0x0000000000000ec4       0x22 Startup/startup_stm32f407vgtx.o
 .debug_info    0x0000000000000ee6      0x6fb drivers/src/stm32f407xx_GPIO_driver.o
 .debug_info    0x00000000000015e1      0x807 drivers/src/stm32f407xx_SPI_driver.o

.debug_abbrev   0x0000000000000000      0x515
 .debug_abbrev  0x0000000000000000      0x24f Src/SPI_TXRXBlocking.o
 .debug_abbrev  0x000000000000024f       0x12 Startup/startup_stm32f407vgtx.o
 .debug_abbrev  0x0000000000000261      0x107 drivers/src/stm32f407xx_GPIO_driver.o
 .debug_abbrev  0x0000000000000368      0x1ad drivers/src/stm32f407xx_SPI_driver.o

.debug_aranges  0x0000000000000000      0x1b8
 .debug_aranges
                0x0000000000000000       0x68 Src/SPI_TXRXBlocking.o
 .debug_aranges
                0x0000000000000068       0x28 Startup/startup_stm32f407vgtx.o
 .debug_aranges
                0x0000000000000090       0x70 drivers/src/stm32f407xx_GPIO_driver.o
 .debug_aranges
                0x0000000000000100       0xb8 drivers/src/stm32f407xx_SPI_driver.o

.debug_ranges   0x0000000000000000      0x180
 .debug_ranges  0x0000000000000000       0x58 Src/SPI_TXRXBlocking.o
 .debug_ranges  0x0000000000000058       0x20 Startup/startup_stm32f407vgtx.o
 .debug_ranges  0x0000000000000078       0x60 drivers/src/stm32f407xx_GPIO_driver.o
 .debug_ranges  0x00000000000000d8       0xa8 drivers/src/stm32f407xx_SPI_driver.o

.debug_macro    0x0000000000000000     0x24a3
 .debug_macro   0x0000000000000000      0x166 Src/SPI_TXRXBlocking.o
 .debug_macro   0x0000000000000166      0xa66 Src/SPI_TXRXBlocking.o
 .debug_macro   0x0000000000000bcc       0x22 Src/SPI_TXRXBlocking.o
 .debug_macro   0x0000000000000bee       0x8e Src/SPI_TXRXBlocking.o
 .debug_macro   0x0000000000000c7c       0x51 Src/SPI_TXRXBlocking.o
 .debug_macro   0x0000000000000ccd       0xef Src/SPI_TXRXBlocking.o
 .debug_macro   0x0000000000000dbc       0x6a Src/SPI_TXRXBlocking.o
 .debug_macro   0x0000000000000e26      0x1df Src/SPI_TXRXBlocking.o
 .debug_macro   0x0000000000001005      0x3ac Src/SPI_TXRXBlocking.o
 .debug_macro   0x00000000000013b1      0x12a Src/SPI_TXRXBlocking.o
 .debug_macro   0x00000000000014db      0x16f Src/SPI_TXRXBlocking.o
 .debug_macro   0x000000000000164a       0x46 Src/SPI_TXRXBlocking.o
 .debug_macro   0x0000000000001690       0x18 Src/SPI_TXRXBlocking.o
 .debug_macro   0x00000000000016a8       0x3c Src/SPI_TXRXBlocking.o
 .debug_macro   0x00000000000016e4       0x34 Src/SPI_TXRXBlocking.o
 .debug_macro   0x0000000000001718      0x174 Src/SPI_TXRXBlocking.o
 .debug_macro   0x000000000000188c       0x52 Src/SPI_TXRXBlocking.o
 .debug_macro   0x00000000000018de       0x1f Src/SPI_TXRXBlocking.o
 .debug_macro   0x00000000000018fd       0x43 Src/SPI_TXRXBlocking.o
 .debug_macro   0x0000000000001940       0x20 Src/SPI_TXRXBlocking.o
 .debug_macro   0x0000000000001960      0x1a3 Src/SPI_TXRXBlocking.o
 .debug_macro   0x0000000000001b03      0x330 Src/SPI_TXRXBlocking.o
 .debug_macro   0x0000000000001e33       0x10 Src/SPI_TXRXBlocking.o
 .debug_macro   0x0000000000001e43       0x35 Src/SPI_TXRXBlocking.o
 .debug_macro   0x0000000000001e78       0x20 Src/SPI_TXRXBlocking.o
 .debug_macro   0x0000000000001e98       0x7b drivers/src/stm32f407xx_GPIO_driver.o
 .debug_macro   0x0000000000001f13      0x3a6 drivers/src/stm32f407xx_GPIO_driver.o
 .debug_macro   0x00000000000022b9       0x81 drivers/src/stm32f407xx_SPI_driver.o
 .debug_macro   0x000000000000233a      0x169 drivers/src/stm32f407xx_SPI_driver.o

.debug_line     0x0000000000000000     0x1351
 .debug_line    0x0000000000000000      0x705 Src/SPI_TXRXBlocking.o
 .debug_line    0x0000000000000705       0x84 Startup/startup_stm32f407vgtx.o
 .debug_line    0x0000000000000789      0x58f drivers/src/stm32f407xx_GPIO_driver.o
 .debug_line    0x0000000000000d18      0x639 drivers/src/stm32f407xx_SPI_driver.o

.debug_str      0x0000000000000000     0x943d
 .debug_str     0x0000000000000000     0x8f9e Src/SPI_TXRXBlocking.o
                                       0x920c (size before relaxing)
 .debug_str     0x0000000000008f9e       0x31 Startup/startup_stm32f407vgtx.o
                                         0x68 (size before relaxing)
 .debug_str     0x0000000000008fcf      0x2a8 drivers/src/stm32f407xx_GPIO_driver.o
                                       0x5b9f (size before relaxing)
 .debug_str     0x0000000000009277      0x1c6 drivers/src/stm32f407xx_SPI_driver.o
                                       0x5ba1 (size before relaxing)

.comment        0x0000000000000000       0x7b
 .comment       0x0000000000000000       0x7b Src/SPI_TXRXBlocking.o
                                         0x7c (size before relaxing)
 .comment       0x000000000000007b       0x7c drivers/src/stm32f407xx_GPIO_driver.o
 .comment       0x000000000000007b       0x7c drivers/src/stm32f407xx_SPI_driver.o

.debug_frame    0x0000000000000000      0x6ac
 .debug_frame   0x0000000000000000      0x17c Src/SPI_TXRXBlocking.o
 .debug_frame   0x000000000000017c      0x1c8 drivers/src/stm32f407xx_GPIO_driver.o
 .debug_frame   0x0000000000000344      0x31c drivers/src/stm32f407xx_SPI_driver.o
 .debug_frame   0x0000000000000660       0x2c c:/st/stm32cubeide_1.5.0/stm32cubeide/plugins/com.st.stm32cube.ide.mcu.externaltools.gnu-tools-for-stm32.7-2018-q2-update.win32_1.5.0.202011040924/tools/bin/../lib/gcc/arm-none-eabi/7.3.1/../../../../arm-none-eabi/lib/thumb/v7e-m\libc_nano.a(lib_a-init.o)
 .debug_frame   0x000000000000068c       0x20 c:/st/stm32cubeide_1.5.0/stm32cubeide/plugins/com.st.stm32cube.ide.mcu.externaltools.gnu-tools-for-stm32.7-2018-q2-update.win32_1.5.0.202011040924/tools/bin/../lib/gcc/arm-none-eabi/7.3.1/../../../../arm-none-eabi/lib/thumb/v7e-m\libc_nano.a(lib_a-memset.o)
