stm32f407xx_SPI_driver.c:9:13:SPI_TXEIrqHandler	16	static
stm32f407xx_SPI_driver.c:38:13:SPI_RXNEIrqHandler	16	static
stm32f407xx_SPI_driver.c:67:13:SPI_OVRErrIrqHandler	24	static
stm32f407xx_SPI_driver.c:87:6:SPI_PheripheralClockCfg	16	static
stm32f407xx_SPI_driver.c:132:6:SPI_init	24	static
stm32f407xx_SPI_driver.c:192:6:SPI_deInit	16	static
stm32f407xx_SPI_driver.c:200:6:SPI_SendData	24	static
stm32f407xx_SPI_driver.c:228:6:SPI_RecieveData	24	static
stm32f407xx_SPI_driver.c:256:9:SPI_SendDataIT	32	static
stm32f407xx_SPI_driver.c:278:9:SPI_RecieveDataIT	32	static
stm32f407xx_SPI_driver.c:298:6:SPI_IrqCfg	16	static
stm32f407xx_SPI_driver.c:338:6:SPI_IrqPrioCfg	24	static
stm32f407xx_SPI_driver.c:347:6:SPI_IrqHandler	24	static
stm32f407xx_SPI_driver.c:378:6:SPI_PeripheralEnable	16	static
stm32f407xx_SPI_driver.c:390:9:SPI_GetBusyFlagStatus	16	static
stm32f407xx_SPI_driver.c:395:6:SPI_SSOEControl	16	static
stm32f407xx_SPI_driver.c:407:6:SPI_ClearOVRFlag	24	static
stm32f407xx_SPI_driver.c:414:6:SPI_CloseTransmission	16	static
stm32f407xx_SPI_driver.c:421:6:SPI_CloseReception	16	static
stm32f407xx_SPI_driver.c:432:28:SPI_ApplTransferCmplCallback	16	static
